[
  {
    "id": 60,
    "attributes": {
      "FeatureCla": "Coastline",
      "Note": "",
      "ScaleRank": 0
    }
  }
]